// Jest Snapshot v1, https://goo.gl/fbAQLP

exports[`should render the header component 1`] = `
<div>
  <div
    class="header"
  >
    <p>
      Sign in Friend!
    </p>
  </div>
</div>
`;
